{
  "version": "1.0",
  "response": {
    "outputSpeech": {
      "type": "PlainText",
      "text": "6 dollars 75 cents, paying by Clipper.\n7 dollars 25 cents, paying by BART Blue Ticket.\n2 dollars 50 cents, paying by Senior Disabled Clipper.\n3 dollars 35 cents, paying by Youth Clipper.\n"
    },
    "card": {
      "type": "Simple",
      "title": "Fares",
      "content": "Clipper: $6.75\nBART Blue Ticket: $7.25\nSenior/Disabled Clipper: $2.50\nYouth Clipper: $3.35\n"
    },
    "shouldEndSession": true
  }
}