{
  "version": "1.0",
  "response": {
    "outputSpeech": {
      "type": "SSML",
      "ssml": "<speak>To get information about <phoneme alphabet='ipa' ph='bɑɹt'>BART</phoneme> service advisories and alerts, say: Alexa, ask <phoneme alphabet='ipa' ph='bɑɹt'>BART</phoneme> helper for updates. To inquire about fares between stations say a command such as: Alexa, ask <phoneme alphabet='ipa' ph='bɑɹt'>BART</phoneme> helper for the fare from West Oakland to Richmond, or Alexa, ask <phoneme alphabet='ipa' ph='bɑɹt'>BART</phoneme> helper for the fare from South San Francisco to Lake Merritt. To avoid confusion, try to prounounce the station names clearly.</speak>"
    },
    "card": {
      "type": "Simple",
      "title": "Usage Help",
      "content": "To get information about BART service advisories and alerts, say: Alexa, ask BART helper for updates. To inquire about fares between stations say a command such as: Alexa, ask BART helper for the fare from West Oakland to Richmond, or Alexa, ask BART helper for the fare from South San Francisco to Lake Merritt. To avoid confusion, try to pronounce the station names clearly."
    },
    "shouldEndSession": true
  }
}
