{
  "version": "1.0",
  "response": {
    "outputSpeech": {
      "type": "PlainText",
      "text": "No delays reported."
    },
    "card": {
      "type": "Simple",
      "title": "Service Advisories",
      "content": "No delays reported."
    },
    "shouldEndSession": true
  }
}
